C:/Users/Bruno/STM32CubeIDE/Workspace_drivers_f070/drivers_stm32f070/Drivers/core_m0.h:66:20:nvic_enable_irq	16	static
../Drivers/usart/usart_irq_dma/usart_irq_dma.c:8:24:rb_avail	16	static
../Drivers/usart/usart_irq_dma/usart_irq_dma.c:11:24:rb_free	24	static
../Drivers/usart/usart_irq_dma/usart_irq_dma.c:14:20:rb_put	24	static
../Drivers/usart/usart_irq_dma/usart_irq_dma.c:21:24:rb_get	32	static
../Drivers/usart/usart_irq_dma/usart_irq_dma.c:31:13:usart_pick_dma	16	static
../Drivers/usart/usart_irq_dma/usart_irq_dma.c:46:13:set_baud	40	static
../Drivers/usart/usart_irq_dma/usart_irq_dma.c:57:13:core_config	24	static
../Drivers/usart/usart_irq_dma/usart_irq_dma.c:95:13:start_rx_dma	24	static
../Drivers/usart/usart_irq_dma/usart_irq_dma.c:107:20:kick_tx_irq	16	static
../Drivers/usart/usart_irq_dma/usart_irq_dma.c:110:13:kick_tx_dma	40	static
../Drivers/usart/usart_irq_dma/usart_irq_dma.c:133:6:usart_set_callbacks	24	static
../Drivers/usart/usart_irq_dma/usart_irq_dma.c:144:13:usart_dma_tx_cb	24	static
../Drivers/usart/usart_irq_dma/usart_irq_dma.c:158:13:usart_dma_rx_cb	24	static
../Drivers/usart/usart_irq_dma/usart_irq_dma.c:165:6:usart_init	32	static
../Drivers/usart/usart_irq_dma/usart_irq_dma.c:198:10:usart_write	32	static,ignoring_inline_asm
../Drivers/usart/usart_irq_dma/usart_irq_dma.c:212:10:usart_read	24	static
../Drivers/usart/usart_irq_dma/usart_irq_dma.c:217:6:usart_flush	16	static,ignoring_inline_asm
../Drivers/usart/usart_irq_dma/usart_irq_dma.c:224:13:usart_irq_core	56	static
../Drivers/usart/usart_irq_dma/usart_irq_dma.c:280:6:USART1_IRQHandler	8	static
../Drivers/usart/usart_irq_dma/usart_irq_dma.c:281:6:USART2_IRQHandler	8	static
