C:/Users/Bruno/STM32CubeIDE/Workspace_drivers_f070/drivers_stm32f070/Drivers/core_m0.h:66:20:nvic_enable_irq	16	static
../Drivers/spi/spi_irq_dma/spi_irq_dma.c:11:20:wait_bsy_clear	16	static,ignoring_inline_asm
../Drivers/spi/spi_irq_dma/spi_irq_dma.c:16:13:spi_pick_dma	16	static
../Drivers/spi/spi_irq_dma/spi_irq_dma.c:27:13:spi_start_phase	24	static
../Drivers/spi/spi_irq_dma/spi_irq_dma.c:49:13:spi_finish	32	static
../Drivers/spi/spi_irq_dma/spi_irq_dma.c:80:13:spi_dma_tx_cb	24	static
../Drivers/spi/spi_irq_dma/spi_irq_dma.c:97:13:spi_dma_rx_cb	24	static
../Drivers/spi/spi_irq_dma/spi_irq_dma.c:114:6:spi_init	48	static
../Drivers/spi/spi_irq_dma/spi_irq_dma.c:170:6:spi_set_callbacks	24	static
../Drivers/spi/spi_irq_dma/spi_irq_dma.c:182:6:spi_abort	24	static
../Drivers/spi/spi_irq_dma/spi_irq_dma.c:206:6:spi_wait	16	static,ignoring_inline_asm
../Drivers/spi/spi_irq_dma/spi_irq_dma.c:209:13:spi_irq_enable	24	static
../Drivers/spi/spi_irq_dma/spi_irq_dma.c:215:13:spi_irq_disable	16	static
../Drivers/spi/spi_irq_dma/spi_irq_dma.c:217:13:spi_irq_handler	32	static
../Drivers/spi/spi_irq_dma/spi_irq_dma.c:264:13:spi_dma_start	40	static
../Drivers/spi/spi_irq_dma/spi_irq_dma.c:321:6:spi_transfer_async	40	static
../Drivers/spi/spi_irq_dma/spi_irq_dma.c:332:6:spi_write_then_read_async	32	static
../Drivers/spi/spi_irq_dma/spi_irq_dma.c:361:13:spi_isr_common	24	static
../Drivers/spi/spi_irq_dma/spi_irq_dma.c:375:6:SPI1_IRQHandler	8	static
../Drivers/spi/spi_irq_dma/spi_irq_dma.c:376:6:SPI2_IRQHandler	8	static
